hgothb-h H :0:YUGOTHM.TTC
hgothb-v V :0:YUGOTHM.TTC
hgothbn-h H :0:YUGOTHM.TTC
hgothbn-v V :0:YUGOTHM.TTC
otf-cjgb-h Identity-H :0:YUGOTHM.TTC
otf-cjgb-v Identity-V :0:YUGOTHM.TTC
otf-ujgb-h UniJIS-UTF16-H :0:YUGOTHM.TTC
otf-ujgb-v UniJIS-UTF16-V :0:YUGOTHM.TTC
otf-ujgbn-h UniJIS2004-UTF16-H YUGOTHM.TTC
otf-ujgbn-v UniJIS2004-UTF16-V YUGOTHM.TTC
uphgothb-h UniJIS-UTF16-H :0:YUGOTHM.TTC
uphgothb-v UniJIS-UTF16-V :0:YUGOTHM.TTC
uphgothbn-h UniJIS2004-UTF16-H :0:YUGOTHM.TTC
uphgothbn-v UniJIS2004-UTF16-V :0:YUGOTHM.TTC

hgotheb-h H :0:YUGOTHL.TTC
hgotheb-v V :0:YUGOTHL.TTC
hgothebn-h H :0:YUGOTHL.TTC
hgothebn-v V :0:YUGOTHL.TTC
otf-cjge-h Identity-H :0:YUGOTHL.TTC
otf-cjge-v Identity-V :0:YUGOTHL.TTC
otf-ujge-h UniJIS-UTF16-H :0:YUGOTHL.TTC
otf-ujge-v UniJIS-UTF16-V :0:YUGOTHL.TTC
otf-ujgen-h UniJIS2004-UTF16-H :0:YUGOTHL.TTC
otf-ujgen-v UniJIS2004-UTF16-V :0:YUGOTHL.TTC
uphgotheb-h UniJIS-UTF16-H :0:YUGOTHL.TTC
uphgotheb-v UniJIS-UTF16-V :0:YUGOTHL.TTC
uphgothebn-h UniJIS2004-UTF16-H :0:YUGOTHL.TTC
uphgothebn-v UniJIS2004-UTF16-V :0:YUGOTHL.TTC
